// Jest Snapshot v1, https://goo.gl/fbAQLP

exports[`<Chart /> <Chart /> should render correctly 1`] = `null`;
