// Jest Snapshot v1, https://goo.gl/fbAQLP

exports[`test NewLoan View testing FloatingButton 1`] = `ShallowWrapper {}`;
