// Jest Snapshot v1, https://goo.gl/fbAQLP

exports[`<HistoryItem /> <HistoryItem > renders correctly 1`] = `
<View
  style={
    Object {
      "flexDirection": "row",
      "justifyContent": "flex-start",
      "marginVertical": 5,
    }
  }
>
  <View
    style={
      Array [
        Object {
          "alignItems": "center",
          "borderRadius": 23,
          "height": 45,
          "justifyContent": "center",
          "marginRight": 20,
          "width": 45,
        },
        Object {
          "backgroundColor": "#FC7043",
        },
      ]
    }
  >
    <Text />
  </View>
  <View>
    <Text
      style={
        Object {
          "color": "#000",
          "fontFamily": "System",
          "fontSize": 16,
        }
      }
      uppercase={false}
    >
      text
    </Text>
    <Text
      style={
        Array [
          Object {
            "color": "#000",
            "fontFamily": "System",
            "fontSize": 16,
          },
          Object {
            "color": "grey",
            "fontSize": 15,
          },
        ]
      }
      uppercase={false}
    >
      2019-01-01
    </Text>
  </View>
</View>
`;
