// Jest Snapshot v1, https://goo.gl/fbAQLP

exports[`<ProductSelection /> <ProductSelection /> renders correctly 1`] = `
<View
  style={
    Object {
      "backgroundColor": "#fff",
      "flex": 1,
      "height": 1334,
    }
  }
>
  <RCTScrollView
    automaticallyAdjustContentInsets={false}
    contentContainerStyle={
      Array [
        Object {
          "padding": undefined,
        },
        undefined,
      ]
    }
    contentInset={
      Object {
        "bottom": 0,
      }
    }
    enableAutomaticScroll={true}
    enableOnAndroid={false}
    enableResetScrollToCoords={true}
    extraHeight={75}
    extraScrollHeight={0}
    getScrollResponder={[Function]}
    handleOnScroll={[Function]}
    keyboardDismissMode="interactive"
    keyboardOpeningTime={250}
    keyboardShouldPersistTaps="handled"
    keyboardSpace={0}
    onScroll={[Function]}
    resetKeyboardSpace={[Function]}
    resetScrollToCoords={
      Object {
        "x": 0,
        "y": 0,
      }
    }
    scrollEventThrottle={1}
    scrollForExtraHeightOnAndroid={[Function]}
    scrollIntoView={[Function]}
    scrollToEnd={[Function]}
    scrollToFocusedInput={[Function]}
    scrollToPosition={[Function]}
    showsVerticalScrollIndicator={true}
    style={
      Object {
        "backgroundColor": "transparent",
        "flex": 1,
      }
    }
    update={[Function]}
    viewIsInsideTabBar={false}
  >
    <View>
      <RCTScrollView>
        <View>
          <View
            accessible={true}
            onResponderGrant={[Function]}
            onResponderMove={[Function]}
            onResponderRelease={[Function]}
            onResponderTerminate={[Function]}
            onResponderTerminationRequest={[Function]}
            onStartShouldSetResponder={[Function]}
            style={Object {}}
          >
            <View
              opacity={0.7}
              style={
                Array [
                  Object {},
                  Object {
                    "borderBottomColor": "#D4D4D4",
                    "borderBottomWidth": 2,
                    "padding": "5%",
                    "paddingLeft": 0,
                  },
                ]
              }
            >
              <View
                style={
                  Array [
                    Object {},
                    Object {
                      "display": "flex",
                      "flexDirection": "row",
                      "width": "75%",
                    },
                  ]
                }
              >
                <Text />
                <View
                  style={Object {}}
                >
                  <Text
                    style={
                      Array [
                        Object {
                          "color": "#000",
                          "fontFamily": "System",
                          "fontSize": 16,
                        },
                        Object {
                          "fontWeight": "bold",
                        },
                      ]
                    }
                    uppercase={false}
                  >
                    Student Loan
                  </Text>
                  <Text
                    style={
                      Object {
                        "color": "#000",
                        "fontFamily": "System",
                        "fontSize": 16,
                      }
                    }
                    uppercase={false}
                  >
                    Fixed low interests for students...
                  </Text>
                </View>
              </View>
              <View
                style={
                  Array [
                    Object {},
                    Object {
                      "display": "none",
                      "marginTop": "5%",
                    },
                  ]
                }
              >
                <View
                  accessible={true}
                  isTVSelectable={true}
                  onResponderGrant={[Function]}
                  onResponderMove={[Function]}
                  onResponderRelease={[Function]}
                  onResponderTerminate={[Function]}
                  onResponderTerminationRequest={[Function]}
                  onStartShouldSetResponder={[Function]}
                  style={
                    Object {
                      "alignItems": "center",
                      "alignSelf": "flex-end",
                      "backgroundColor": "#007aff",
                      "borderBottomWidth": null,
                      "borderColor": "#007aff",
                      "borderLeftWidth": null,
                      "borderRadius": 5,
                      "borderRightWidth": null,
                      "borderTopWidth": null,
                      "borderWidth": undefined,
                      "elevation": 2,
                      "flexDirection": "row",
                      "height": 45,
                      "justifyContent": "space-between",
                      "opacity": 1,
                      "paddingBottom": 6,
                      "paddingTop": 6,
                      "shadowColor": undefined,
                      "shadowOffset": undefined,
                      "shadowOpacity": undefined,
                      "shadowRadius": undefined,
                    }
                  }
                >
                  <Text
                    style={
                      Object {
                        "backgroundColor": "transparent",
                        "color": "#fff",
                        "fontFamily": "System",
                        "fontSize": 16.5,
                        "marginLeft": 0,
                        "marginRight": 0,
                        "paddingLeft": 16,
                        "paddingRight": 16,
                      }
                    }
                    uppercase={false}
                  >
                    SELECT
                  </Text>
                </View>
              </View>
            </View>
          </View>
          <View
            accessible={true}
            onResponderGrant={[Function]}
            onResponderMove={[Function]}
            onResponderRelease={[Function]}
            onResponderTerminate={[Function]}
            onResponderTerminationRequest={[Function]}
            onStartShouldSetResponder={[Function]}
            style={Object {}}
          >
            <View
              opacity={0.7}
              style={
                Array [
                  Object {},
                  Object {
                    "borderBottomColor": "#D4D4D4",
                    "borderBottomWidth": 2,
                    "padding": "5%",
                    "paddingLeft": 0,
                  },
                ]
              }
            >
              <View
                style={
                  Array [
                    Object {},
                    Object {
                      "display": "flex",
                      "flexDirection": "row",
                      "width": "75%",
                    },
                  ]
                }
              >
                <Text />
                <View
                  style={Object {}}
                >
                  <Text
                    style={
                      Array [
                        Object {
                          "color": "#000",
                          "fontFamily": "System",
                          "fontSize": 16,
                        },
                        Object {
                          "fontWeight": "bold",
                        },
                      ]
                    }
                    uppercase={false}
                  >
                    Unsecured
                  </Text>
                  <Text
                    style={
                      Object {
                        "color": "#000",
                        "fontFamily": "System",
                        "fontSize": 16,
                      }
                    }
                    uppercase={false}
                  >
                    Fixed low interests for students...
                  </Text>
                </View>
              </View>
              <View
                style={
                  Array [
                    Object {},
                    Object {
                      "display": "none",
                      "marginTop": "5%",
                    },
                  ]
                }
              >
                <View
                  accessible={true}
                  isTVSelectable={true}
                  onResponderGrant={[Function]}
                  onResponderMove={[Function]}
                  onResponderRelease={[Function]}
                  onResponderTerminate={[Function]}
                  onResponderTerminationRequest={[Function]}
                  onStartShouldSetResponder={[Function]}
                  style={
                    Object {
                      "alignItems": "center",
                      "alignSelf": "flex-end",
                      "backgroundColor": "#007aff",
                      "borderBottomWidth": null,
                      "borderColor": "#007aff",
                      "borderLeftWidth": null,
                      "borderRadius": 5,
                      "borderRightWidth": null,
                      "borderTopWidth": null,
                      "borderWidth": undefined,
                      "elevation": 2,
                      "flexDirection": "row",
                      "height": 45,
                      "justifyContent": "space-between",
                      "opacity": 1,
                      "paddingBottom": 6,
                      "paddingTop": 6,
                      "shadowColor": undefined,
                      "shadowOffset": undefined,
                      "shadowOpacity": undefined,
                      "shadowRadius": undefined,
                    }
                  }
                >
                  <Text
                    style={
                      Object {
                        "backgroundColor": "transparent",
                        "color": "#fff",
                        "fontFamily": "System",
                        "fontSize": 16.5,
                        "marginLeft": 0,
                        "marginRight": 0,
                        "paddingLeft": 16,
                        "paddingRight": 16,
                      }
                    }
                    uppercase={false}
                  >
                    SELECT
                  </Text>
                </View>
              </View>
            </View>
          </View>
          <View
            accessible={true}
            onResponderGrant={[Function]}
            onResponderMove={[Function]}
            onResponderRelease={[Function]}
            onResponderTerminate={[Function]}
            onResponderTerminationRequest={[Function]}
            onStartShouldSetResponder={[Function]}
            style={Object {}}
          >
            <View
              opacity={0.7}
              style={
                Array [
                  Object {},
                  Object {
                    "borderBottomColor": "#D4D4D4",
                    "borderBottomWidth": 2,
                    "padding": "5%",
                    "paddingLeft": 0,
                  },
                ]
              }
            >
              <View
                style={
                  Array [
                    Object {},
                    Object {
                      "display": "flex",
                      "flexDirection": "row",
                      "width": "75%",
                    },
                  ]
                }
              >
                <Text />
                <View
                  style={Object {}}
                >
                  <Text
                    style={
                      Array [
                        Object {
                          "color": "#000",
                          "fontFamily": "System",
                          "fontSize": 16,
                        },
                        Object {
                          "fontWeight": "bold",
                        },
                      ]
                    }
                    uppercase={false}
                  >
                    Pay day
                  </Text>
                  <Text
                    style={
                      Object {
                        "color": "#000",
                        "fontFamily": "System",
                        "fontSize": 16,
                      }
                    }
                    uppercase={false}
                  >
                    Fixed low interests for students...
                  </Text>
                </View>
              </View>
              <View
                style={
                  Array [
                    Object {},
                    Object {
                      "display": "none",
                      "marginTop": "5%",
                    },
                  ]
                }
              >
                <View
                  accessible={true}
                  isTVSelectable={true}
                  onResponderGrant={[Function]}
                  onResponderMove={[Function]}
                  onResponderRelease={[Function]}
                  onResponderTerminate={[Function]}
                  onResponderTerminationRequest={[Function]}
                  onStartShouldSetResponder={[Function]}
                  style={
                    Object {
                      "alignItems": "center",
                      "alignSelf": "flex-end",
                      "backgroundColor": "#007aff",
                      "borderBottomWidth": null,
                      "borderColor": "#007aff",
                      "borderLeftWidth": null,
                      "borderRadius": 5,
                      "borderRightWidth": null,
                      "borderTopWidth": null,
                      "borderWidth": undefined,
                      "elevation": 2,
                      "flexDirection": "row",
                      "height": 45,
                      "justifyContent": "space-between",
                      "opacity": 1,
                      "paddingBottom": 6,
                      "paddingTop": 6,
                      "shadowColor": undefined,
                      "shadowOffset": undefined,
                      "shadowOpacity": undefined,
                      "shadowRadius": undefined,
                    }
                  }
                >
                  <Text
                    style={
                      Object {
                        "backgroundColor": "transparent",
                        "color": "#fff",
                        "fontFamily": "System",
                        "fontSize": 16.5,
                        "marginLeft": 0,
                        "marginRight": 0,
                        "paddingLeft": 16,
                        "paddingRight": 16,
                      }
                    }
                    uppercase={false}
                  >
                    SELECT
                  </Text>
                </View>
              </View>
            </View>
          </View>
          <View
            accessible={true}
            onResponderGrant={[Function]}
            onResponderMove={[Function]}
            onResponderRelease={[Function]}
            onResponderTerminate={[Function]}
            onResponderTerminationRequest={[Function]}
            onStartShouldSetResponder={[Function]}
            style={Object {}}
          >
            <View
              opacity={0.7}
              style={
                Array [
                  Object {},
                  Object {
                    "borderBottomColor": "#D4D4D4",
                    "borderBottomWidth": 2,
                    "padding": "5%",
                    "paddingLeft": 0,
                  },
                ]
              }
            >
              <View
                style={
                  Array [
                    Object {},
                    Object {
                      "display": "flex",
                      "flexDirection": "row",
                      "width": "75%",
                    },
                  ]
                }
              >
                <Text />
                <View
                  style={Object {}}
                >
                  <Text
                    style={
                      Array [
                        Object {
                          "color": "#000",
                          "fontFamily": "System",
                          "fontSize": 16,
                        },
                        Object {
                          "fontWeight": "bold",
                        },
                      ]
                    }
                    uppercase={false}
                  >
                    Secured
                  </Text>
                  <Text
                    style={
                      Object {
                        "color": "#000",
                        "fontFamily": "System",
                        "fontSize": 16,
                      }
                    }
                    uppercase={false}
                  >
                    Fixed low interests for students...
                  </Text>
                </View>
              </View>
              <View
                style={
                  Array [
                    Object {},
                    Object {
                      "display": "none",
                      "marginTop": "5%",
                    },
                  ]
                }
              >
                <View
                  accessible={true}
                  isTVSelectable={true}
                  onResponderGrant={[Function]}
                  onResponderMove={[Function]}
                  onResponderRelease={[Function]}
                  onResponderTerminate={[Function]}
                  onResponderTerminationRequest={[Function]}
                  onStartShouldSetResponder={[Function]}
                  style={
                    Object {
                      "alignItems": "center",
                      "alignSelf": "flex-end",
                      "backgroundColor": "#007aff",
                      "borderBottomWidth": null,
                      "borderColor": "#007aff",
                      "borderLeftWidth": null,
                      "borderRadius": 5,
                      "borderRightWidth": null,
                      "borderTopWidth": null,
                      "borderWidth": undefined,
                      "elevation": 2,
                      "flexDirection": "row",
                      "height": 45,
                      "justifyContent": "space-between",
                      "opacity": 1,
                      "paddingBottom": 6,
                      "paddingTop": 6,
                      "shadowColor": undefined,
                      "shadowOffset": undefined,
                      "shadowOpacity": undefined,
                      "shadowRadius": undefined,
                    }
                  }
                >
                  <Text
                    style={
                      Object {
                        "backgroundColor": "transparent",
                        "color": "#fff",
                        "fontFamily": "System",
                        "fontSize": 16.5,
                        "marginLeft": 0,
                        "marginRight": 0,
                        "paddingLeft": 16,
                        "paddingRight": 16,
                      }
                    }
                    uppercase={false}
                  >
                    SELECT
                  </Text>
                </View>
              </View>
            </View>
          </View>
        </View>
      </RCTScrollView>
    </View>
  </RCTScrollView>
</View>
`;
